# Create a graph
created graph graph1

# Add a pair of nodes
added node n1 to graph1

# Print the nodes in graph1
graph1 contains: n1