# Create a graph
created graph graph1

# Add nodes
added node n1 to graph1
added node n2 to graph1
added node n3 to graph1
added node n4 to graph1

# Add an edge
added edge e1 from n1 to n4 in graph1
added edge e2 from n2 to n4 in graph1
added edge e3 from n3 to n4 in graph1
added edge e4 from n4 to n4 in graph1

# Print the children of n4 in graph1
the children of n4 in graph1 are: n4(e4)