# Create a graph
created graph graph1

# Add a node
added node n1 to graph1

# Add an edge
added edge e1 from n1 to n1 in graph1

# Print the children of n1 in graph1
the children of n1 in graph1 are: n1(e1)